// Vitest Snapshot v1, https://vitest.dev/guide/snapshot.html

exports[`codegen > happy path 1`] = `
"return function render(_ctx, _cache, $props, $setup, $data, $options) {
    with (_ctx) {
      return \\"hi\\"
    }
  }"
`;
